<?xml version="1.0" encoding="utf-8"?><testsuites><testsuite name="pytest" errors="0" failures="0" skipped="0" tests="1" time="0.026" timestamp="2024-07-07T17:49:28.117872" hostname="DESKTOP-HTADJBD"><testcase classname="tests.test_demo.TestDemo" name="test_example" time="0.001" /></testsuite></testsuites>